
> monopoli-mart@0.1.0 build
> next build

   Γû▓ Next.js 15.5.15
   - Environments: .env.local, .env

   Creating an optimized production build ...
 Γ£ô Compiled successfully in 5.5s
   Linting and checking validity of types ...

Failed to compile.

./src/app/(auth)/login/page.tsx
38:19  Error: Unexpected any. Specify a different type.  @typescript-eslint/no-explicit-any
139:20  Error: A `require()` style import is forbidden.  @typescript-eslint/no-require-imports

./src/app/(auth)/signup/page.tsx
39:19  Warning: 'ctx' is defined but never used.  @typescript-eslint/no-unused-vars
63:20  Error: A `require()` style import is forbidden.  @typescript-eslint/no-require-imports

./src/app/(main)/about-us/page.tsx
104:70  Error: `'` can be escaped with `&apos;`, `&lsquo;`, `&#39;`, `&rsquo;`.  react/no-unescaped-entities

./src/app/(main)/cart/page.tsx
24:31  Error: `'` can be escaped with `&apos;`, `&lsquo;`, `&#39;`, `&rsquo;`.  react/no-unescaped-entities

./src/app/(main)/product/[id]/page.tsx
86:78  Error: Unexpected any. Specify a different type.  @typescript-eslint/no-explicit-any
88:39  Warning: Using `<img>` could result in slower LCP and higher bandwidth. Consider using `<Image />` from `next/image` or a custom image loader to automatically optimize images. This may incur additional usage or cost from your provider. See: https://nextjs.org/docs/messages/no-img-element  @next/next/no-img-element
106:53  Error: Unexpected any. Specify a different type.  @typescript-eslint/no-explicit-any

./src/components/home/AllProducts.tsx
54:27  Error: A `require()` style import is forbidden.  @typescript-eslint/no-require-imports
55:27  Error: A `require()` style import is forbidden.  @typescript-eslint/no-require-imports

./src/components/home/Articles.tsx
46:22  Error: A `require()` style import is forbidden.  @typescript-eslint/no-require-imports
57:23  Error: `'` can be escaped with `&apos;`, `&lsquo;`, `&#39;`, `&rsquo;`.  react/no-unescaped-entities
63:21  Error: `"` can be escaped with `&quot;`, `&ldquo;`, `&#34;`, `&rdquo;`.  react/no-unescaped-entities
63:33  Error: `"` can be escaped with `&quot;`, `&ldquo;`, `&#34;`, `&rdquo;`.  react/no-unescaped-entities

./src/components/home/CategoryGrids.tsx
9:39  Error: A `require()` style import is forbidden.  @typescript-eslint/no-require-imports
10:44  Error: A `require()` style import is forbidden.  @typescript-eslint/no-require-imports
11:40  Error: A `require()` style import is forbidden.  @typescript-eslint/no-require-imports
12:43  Error: A `require()` style import is forbidden.  @typescript-eslint/no-require-imports

./src/components/home/PopularProducts.tsx
11:50  Error: Unexpected any. Specify a different type.  @typescript-eslint/no-explicit-any
60:40  Error: A `require()` style import is forbidden.  @typescript-eslint/no-require-imports

./src/components/home/SummerSale.tsx
33:22  Error: A `require()` style import is forbidden.  @typescript-eslint/no-require-imports

./src/components/home/Testimonials.tsx
122:26  Error: A `require()` style import is forbidden.  @typescript-eslint/no-require-imports

./src/components/shared/Banner.tsx
3:10  Warning: 'Play' is defined but never used.  @typescript-eslint/no-unused-vars
3:16  Warning: 'ArrowUpRight' is defined but never used.  @typescript-eslint/no-unused-vars
21:9  Warning: 'imageSpring' is assigned a value but never used.  @typescript-eslint/no-unused-vars
26:9  Warning: 'statsSpring' is assigned a value but never used.  @typescript-eslint/no-unused-vars
46:24  Error: A `require()` style import is forbidden.  @typescript-eslint/no-require-imports

./src/components/shared/Footer.tsx
12:20  Error: A `require()` style import is forbidden.  @typescript-eslint/no-require-imports

./src/components/shared/Navbar.tsx
16:18  Error: A `require()` style import is forbidden.  @typescript-eslint/no-require-imports

./src/components/ui/signup-form.tsx
100:13  Warning: Using `<img>` could result in slower LCP and higher bandwidth. Consider using `<Image />` from `next/image` or a custom image loader to automatically optimize images. This may incur additional usage or cost from your provider. See: https://nextjs.org/docs/messages/no-img-element  @next/next/no-img-element

./src/context/CartContext.tsx
16:24  Error: Unexpected any. Specify a different type.  @typescript-eslint/no-explicit-any
34:9  Error: Error: Calling setState synchronously within an effect can trigger cascading renders

Effects are intended to synchronize state between React and external systems such as manually updating the DOM, state management libraries, or other platform APIs. In general, the body of an effect should do one or both of the following:
* Update external systems with the latest state from React.
* Subscribe for updates from some external system, calling setState in a callback function when external state changes.

Calling setState synchronously within an effect body causes cascading renders that can hurt performance, and is not recommended. (https://react.dev/learn/you-might-not-need-an-effect).

C:\Users\Hridoy\Desktop\monopoli-mart\src\context\CartContext.tsx:34:9
  32 |     if (savedCart) {
  33 |       try {
> 34 |         setCart(JSON.parse(savedCart));
     |         ^^^^^^^ Avoid calling setState() directly within an effect
  35 |       } catch (e) {
  36 |         console.error("Failed to parse cart from localStorage", e);
  37 |       }  react-hooks/set-state-in-effect
46:31  Error: Unexpected any. Specify a different type.  @typescript-eslint/no-explicit-any

./src/data/exploreProducts.ts
8:8  Warning: 'img8' is defined but never used.  @typescript-eslint/no-unused-vars

./src/lib/products.ts
7:10  Error: Unexpected any. Specify a different type.  @typescript-eslint/no-explicit-any
19:10  Error: Unexpected any. Specify a different type.  @typescript-eslint/no-explicit-any
35:38  Error: Unexpected any. Specify a different type.  @typescript-eslint/no-explicit-any
49:29  Error: Unexpected any. Specify a different type.  @typescript-eslint/no-explicit-any
49:61  Error: Unexpected any. Specify a different type.  @typescript-eslint/no-explicit-any
50:30  Error: Unexpected any. Specify a different type.  @typescript-eslint/no-explicit-any
52:33  Error: Unexpected any. Specify a different type.  @typescript-eslint/no-explicit-any
53:31  Error: Unexpected any. Specify a different type.  @typescript-eslint/no-explicit-any
54:32  Error: Unexpected any. Specify a different type.  @typescript-eslint/no-explicit-any
56:25  Error: Unexpected any. Specify a different type.  @typescript-eslint/no-explicit-any

info  - Need to disable some ESLint rules? Learn more here: https://nextjs.org/docs/app/api-reference/config/eslint#disabling-rules
